successful: 0
failed: 0
overrideDir: tests/overrides/
sharedObjects: tests/binaries/x86_64/lookup-scope
