successful: 1
failed: 0
overrideDir: tests/binaries/aarch32/copy-reloc/overrides/
