successful: 16
failed: 0
overrideDir: tests/overrides/
sharedObjectsDir: tests/binaries/aarch32/relocations
