successful: 0
failed: 0
fsRoot: tests/filesystems/rop-unbal-read
