successful: 0
failed: 1
fsRoot: tests/filesystems/client-inet
