successful: 6
failed: 0
overrideDir: tests/overrides/
