successful: 1
failed: 0
overrideDir: tests/overrides/
