successful: 0
failed: 0
fsRoot: tests/filesystems/read
overrideDir: tests/overrides/
