successful: 1
failed: 0
sharedObjectsDir: tests/binaries/aarch32
entryPointAddr: 0x5a0
