successful: 9
failed: 0
overrideDir: tests/overrides/
sharedObjectsDir: tests/binaries/aarch32/so
