successful: 0
failed: 0
overrideDir: tests/overrides/
sharedObjectsDir: tests/binaries/aarch32/symbol-versions
