successful: 0
failed: 0
sharedObjectsDir: tests/binaries/aarch32/stripped-so
entryPointAddr: 0x5a0
