successful: 0
failed: 0
concreteEnvVars:
  - "FOO=wombat"
  - "BAR=koala"
symbolicEnvVars:
  - "BAZ[5]"
concreteEnvVarsFromBytes:
  - "QUUX[tests/binaries/aarch32/envp/quux.txt]"
overrideDir: tests/binaries/aarch32/envp/overrides
