successful: 0
failed: 0
overrideDir: tests/binaries/aarch32/way-too-many-arguments/overrides
