successful: 0
failed: 0
overrideDir: tests/binaries/aarch32/getenv-symbolic/overrides
