successful: 0
failed: 0
overrideDir: tests/overrides/
sharedObjects: tests/binaries/aarch32/lookup-scope
