successful: 0
failed: 2
wmAddrs: []
wmTargets: []
