successful: 11
failed: 6
wmAddrs: []
wmTargets: []
