successful: 2
failed: 1
wmAddrs: []
wmTargets: []
