successful: 0
failed: 0
wmAddrs: []
wmTargets: []
