successful: 0
failed: 2
wmTargets: [0x401000]
fsRoot: tests/filesystems/read
