successful: 0
failed: 1
wmTargets: [0x401000]
fsRoot: tests/filesystems/read
