successful: 0
failed: 0
wmAddrs: [0x401000]
wmTargets: [0x401000]
fsRoot: tests/filesystems/read
