successful: 0
failed: 0
wmAddrs: [0x100]
wmTargets: [0x100]
