successful: 4
failed: 4
wmAddrs: []
wmTargets: []
