successful: 2
failed: 2
wmAddrs: []
wmTargets: []
