successful: 0
failed: 2
wmTargets: []
fsRoot: tests/filesystems/read
