successful: 0
failed: 0
sharedObjectsDir: tests/binaries/aarch32/weak-symbol
