successful: 0
failed: 0
fsRoot: tests/filesystems/open-close
overrideDir: tests/overrides/
