successful: 0
failed: 0
overrideDir: tests/overrides/
