successful: 0
failed: 0
fsRoot: tests/filesystems/server-inet
