successful: 0
failed: 3
overrideDir: tests/overrides/
