successful: 0
failed: 1
overrideDir: tests/overrides/
