successful: 1
failed: 0
overrideDir: tests/overrides/
sharedObjectsDir: tests/binaries/x86_64
